// Jest Snapshot v1, https://goo.gl/fbAQLP

exports[`LoginBackground renders properly 1`] = `<LoginBackground />`;
