// Jest Snapshot v1, https://goo.gl/fbAQLP

exports[`Login Form Inputs renders properly 1`] = `
<FormInputs
  form={
    Object {
      "getFieldDecorator": [MockFunction],
    }
  }
  password=""
  remember={false}
  username=""
/>
`;
