// Jest Snapshot v1, https://goo.gl/fbAQLP

exports[`App renders properly 1`] = `
<ConfigProvider
  locale={
    Object {
      "Calendar": Object {
        "lang": Object {
          "backToToday": "Back to today",
          "clear": "Clear",
          "dateFormat": "M/D/YYYY",
          "dateSelect": "select date",
          "dateTimeFormat": "M/D/YYYY HH:mm:ss",
          "dayFormat": "D",
          "decadeSelect": "Choose a decade",
          "month": "Month",
          "monthBeforeYear": true,
          "monthSelect": "Choose a month",
          "nextCentury": "Next century",
          "nextDecade": "Next decade",
          "nextMonth": "Next month (PageDown)",
          "nextYear": "Next year (Control + right)",
          "now": "Now",
          "ok": "Ok",
          "placeholder": "Select date",
          "previousCentury": "Last century",
          "previousDecade": "Last decade",
          "previousMonth": "Previous month (PageUp)",
          "previousYear": "Last year (Control + left)",
          "rangePlaceholder": Array [
            "Start date",
            "End date",
          ],
          "timeSelect": "select time",
          "today": "Today",
          "weekSelect": "Choose a week",
          "year": "Year",
          "yearFormat": "YYYY",
          "yearSelect": "Choose a year",
        },
        "timePickerLocale": Object {
          "placeholder": "Select time",
        },
      },
      "DatePicker": Object {
        "lang": Object {
          "backToToday": "Back to today",
          "clear": "Clear",
          "dateFormat": "M/D/YYYY",
          "dateSelect": "select date",
          "dateTimeFormat": "M/D/YYYY HH:mm:ss",
          "dayFormat": "D",
          "decadeSelect": "Choose a decade",
          "month": "Month",
          "monthBeforeYear": true,
          "monthSelect": "Choose a month",
          "nextCentury": "Next century",
          "nextDecade": "Next decade",
          "nextMonth": "Next month (PageDown)",
          "nextYear": "Next year (Control + right)",
          "now": "Now",
          "ok": "Ok",
          "placeholder": "Select date",
          "previousCentury": "Last century",
          "previousDecade": "Last decade",
          "previousMonth": "Previous month (PageUp)",
          "previousYear": "Last year (Control + left)",
          "rangePlaceholder": Array [
            "Start date",
            "End date",
          ],
          "timeSelect": "select time",
          "today": "Today",
          "weekSelect": "Choose a week",
          "year": "Year",
          "yearFormat": "YYYY",
          "yearSelect": "Choose a year",
        },
        "timePickerLocale": Object {
          "placeholder": "Select time",
        },
      },
      "Empty": Object {
        "description": "No Data",
      },
      "Icon": Object {
        "icon": "icon",
      },
      "Modal": Object {
        "cancelText": "Cancel",
        "justOkText": "OK",
        "okText": "OK",
      },
      "PageHeader": Object {
        "back": "Back",
      },
      "Pagination": Object {
        "items_per_page": "/ page",
        "jump_to": "Goto",
        "jump_to_confirm": "confirm",
        "next_3": "Next 3 Pages",
        "next_5": "Next 5 Pages",
        "next_page": "Next Page",
        "page": "",
        "prev_3": "Previous 3 Pages",
        "prev_5": "Previous 5 Pages",
        "prev_page": "Previous Page",
      },
      "Popconfirm": Object {
        "cancelText": "Cancel",
        "okText": "OK",
      },
      "Table": Object {
        "collapse": "Collapse row",
        "expand": "Expand row",
        "filterConfirm": "OK",
        "filterReset": "Reset",
        "filterTitle": "Filter menu",
        "selectAll": "Select current page",
        "selectInvert": "Invert current page",
        "sortTitle": "Sort",
      },
      "Text": Object {
        "copied": "Copied",
        "copy": "Copy",
        "edit": "Edit",
        "expand": "Expand",
      },
      "TimePicker": Object {
        "placeholder": "Select time",
      },
      "Transfer": Object {
        "itemUnit": "item",
        "itemsUnit": "items",
        "searchPlaceholder": "Search here",
        "titles": Array [
          "",
          "",
        ],
      },
      "Upload": Object {
        "previewFile": "Preview file",
        "removeFile": "Remove file",
        "uploadError": "Upload error",
        "uploading": "Uploading...",
      },
      "global": Object {
        "placeholder": "Please select",
      },
      "locale": "en",
    }
  }
>
  <Adapter
    className="st-layout"
  >
    <Adapter>
      <Adapter
        className="st-content"
      >
        <MainRouter />
      </Adapter>
    </Adapter>
  </Adapter>
</ConfigProvider>
`;
